ISPSPROF
????????
0
File
0
0
12-30-1899

ISRPROF
????????
0
File
0
0
12-30-1899

