spedcmdr.arj
raj
985227
File
0
0
6-6-1995

index.txt
raj
121
File
0
0
6-7-1995

!readme.ftp
raj
42
File
0
0
8-1-1995

cc32e473.exe
wojtek
19091219
File
0
0
5-16-2000

