$README.$FIRST
FTP301
32
File
32
1
9-16-2000 17:50:18

