00-02-01.HELPNEWS
HLP291
1575
File
63
25
2-1-2000 8:38:38

00-02-11.HELPNEWS
HLP291
1488
File
62
24
2-11-2000 17:30:44

00-03-13.HELPNEWS
HLP291
1664
File
64
26
3-13-2000 15:56:38

00-04-07.HELPNEWS
HLP291
1152
File
64
18
4-7-2000 15:05:56

00-05-08.HELPNEWS
HLP291
432
File
54
8
9-22-2000 12:22:44

00-09-20.HELPNEWS
HLP291
1600
File
80
20
9-22-2000 12:26:56

00-09-21.HELPNEWS
HLP291
540
File
54
10
9-22-2000 12:22:31

98-01-09.HELPNEWS
HLP291
1014
File
78
13
1-13-1998 11:38:19

98-01-12.HELPNEWS
HLP291
2310
File
70
33
1-12-1998 15:59:28

98-01-19.HELPNEWS
HLP291
21725
File
79
275
1-20-1998 13:26:25

98-01-23.HELPNEWS
HLP291
3763
File
71
53
1-23-1998 11:18:11

98-02-09.HELPNEWS
HLP291
18802
File
79
238
2-10-1998 10:16:28

98-02-10.HELPNEWS
HLP291
900
File
75
12
2-10-1998 15:09:16

98-03-04.HELPNEWS
HLP291
22120
File
79
280
3-4-1998 13:33:20

98-03-05.HELPNEWS
HLP291
3978
File
78
51
3-5-1998 15:34:58

98-04-08.HELPNEWS
HLP291
20461
File
79
259
4-6-1998 13:41:36

98-05-06.HELPNEWS
HLP291
20777
File
79
263
5-1-1998 13:10:46

98-05-12.HELPNEWS
HLP291
2376
File
72
33
5-12-1998 13:30:40

98-05-19.HELPNEWS
HLP291
1702
File
74
23
5-19-1998 15:57:25

98-06-12.HELPNEWS
HLP291
14694
File
79
186
6-17-1998 11:06:16

98-07-02.HELPNEWS
HLP291
1680
File
80
21
7-2-1998 17:34:45

98-07-15.HELPNEWS
HLP291
3195
File
71
45
7-15-1998 11:28:11

98-07-17.HELPNEWS
HLP291
14852
File
79
188
7-17-1998 14:51:19

98-07-31.HELPNEWS
HLP291
1898
File
73
26
7-31-1998 11:53:22

98-08-11.HELPNEWS
HLP291
3139
File
73
43
8-11-1998 15:21:46

98-08-17.HELPNEWS
HLP291
22041
File
79
279
8-17-1998 12:13:39

98-08-25.HELPNEWS
HLP291
3066
File
73
42
8-25-1998 11:07:01

98-09-14.HELPNEWS
HLP291
19434
File
79
246
9-14-1998 10:09:23

98-10-01.HELPNEWS
HLP291
1540
File
77
20
10-1-1998 17:06:40

98-10-02.HELPNEWS
HLP291
19513
File
79
247
11-10-1998 18:09:51

98-11-02.HELPNEWS
HLP291
4836
File
78
62
11-2-1998 11:36:56

98-11-10.HELPNEWS
HLP291
25754
File
79
326
11-10-1998 18:38:48

98-12-03.HELPNEWS
HLP291
5850
File
78
75
12-16-1998 9:56:52

98-12-04.HELPNEWS
HLP291
16274
File
79
206
12-16-1998 9:56:20

98-12-05.HELPNEWS
HLP291
1368
File
76
18
12-4-1998 10:35:17

98-12-16.HELPNEWS
HLP291
1540
File
77
20
12-16-1998 16:46:01

99-01-27.HELPNEWS
HLP291
21567
File
79
273
1-27-1999 16:44:26

99-02-05.HELPNEWS
HLP291
880
File
80
11
2-5-1999 18:34:19

99-02-16.HELPNEWS
HLP291
1349
File
71
19
2-16-1999 15:01:08

99-03-02.HELPNEWS
HLP291
1512
File
72
21
3-2-1999 16:08:19

99-03-03.HELPNEWS
HLP291
1628
File
74
22
3-2-1999 16:42:16

99-05-09.HELPNEWS
HLP291
2507
File
109
23
5-10-1999 15:07:28

99-05-10.HELPNEWS
HLP291
1425
File
75
19
5-10-1999 15:08:13

99-05-13.HELPNEWS
HLP291
2272
File
71
32
5-13-1999 12:52:38

99-06-11.HELPNEWS
HLP291
994
File
71
14
6-16-1999 8:37:47

99-07-09.HELPNEWS
HLP291
1848
File
77
24
7-12-1999 9:12:20

99-08-16.HELPNEWS
HLP291
1584
File
66
24
8-16-1999 18:26:27

99-09-10.HELPNEWS
HLP291
1311
File
69
19
9-10-1999 17:14:46

99-10-11.HELPNEWS
HLP291
1407
File
67
21
10-11-1999 16:41:09

99-11-15.HELPNEWS
HLP291
1656
File
69
24
11-15-1999 16:57:41

99-12-02.HELPNEWS
HLP291
9360
File
78
120
12-8-1999 10:51:27

99-12-03.HELPNEWS
HLP291
1501
File
79
19
12-3-1999 16:11:54

99-12-06.HELPNEWS
HLP291
2370
File
79
30
12-3-1999 16:21:50

