CII-MANUAL.TEX;1
ANONYMOUS
0
File
0
0
1-29-1996 3:33:12

