BILF.C;2
1
6656
File
0
0
7-5-1991 12:00:00

UNZIP.EXE;4
1
107520
File
0
0
10-24-1999 2:46:00

UNZIP.ZIP;4
1
1545216
File
0
0
10-24-1999 2:20:00

UNZIP_ALPHA.EXE;4
1
164352
File
0
0
10-24-1999 2:35:00

