1993_05.TXT;1
ANONYMOUS
73216
File
0
0
4-29-1994 8:24:00

1993_06.TXT;1
ANONYMOUS
227840
File
0
0
4-29-1994 8:24:00

1993_07.TXT;1
ANONYMOUS
187904
File
0
0
4-29-1994 8:24:00

1993_08.TXT;1
ANONYMOUS
124416
File
0
0
4-29-1994 8:24:00

1993_09.TXT;1
ANONYMOUS
120832
File
0
0
4-29-1994 8:24:00

1993_10.TXT;1
ANONYMOUS
270336
File
0
0
4-29-1994 8:25:00

1993_11.TXT;1
ANONYMOUS
72192
File
0
0
4-29-1994 8:25:00

1993_12.TXT;1
ANONYMOUS
128512
File
0
0
4-29-1994 8:25:00

1994_01.TXT;1
ANONYMOUS
105984
File
0
0
4-29-1994 8:25:00

1994_02.TXT;1
ANONYMOUS
148480
File
0
0
4-29-1994 8:25:00

1994_03.TXT;1
ANONYMOUS
162304
File
0
0
4-29-1994 8:24:00

1994_04.TXT;1
ANONYMOUS
260096
File
0
0
5-6-1994 8:20:00

1994_05.TXT;1
ANONYMOUS
349184
File
0
0
6-1-1994 7:19:00

1994_06.TXT;1
ANONYMOUS
396800
File
0
0
7-14-1994 7:27:00

1994_07.TXT;1
ANONYMOUS
312832
File
0
0
8-3-1994 6:18:00

1994_08.TXT;1
ANONYMOUS
628224
File
0
0
9-2-1994 8:42:00

1994_09.TXT;1
ANONYMOUS
312832
File
0
0
10-3-1994 15:10:00

1994_10.TXT;1
ANONYMOUS
272384
File
0
0
11-2-1994 19:29:00

1994_11.TXT;1
ANONYMOUS
204288
File
0
0
12-1-1994 9:58:00

1994_12.TXT;1
ANONYMOUS
273408
File
0
0
1-5-1995 8:36:00

1995_01.TXT;1
ANONYMOUS
335360
File
0
0
2-7-1995 14:33:00

1995_02.TXT;1
ANONYMOUS
250368
File
0
0
3-1-1995 15:50:00

1995_03.TXT;1
ANONYMOUS
364032
File
0
0
4-6-1995 14:34:00

1995_04.TXT;1
ANONYMOUS
262144
File
0
0
5-1-1995 9:08:00

1995_05.TXT;1
ANONYMOUS
259072
File
0
0
6-5-1995 11:22:00

1995_06.TXT;1
ANONYMOUS
205824
File
0
0
7-3-1995 16:08:00

1995_07.TXT;1
ANONYMOUS
496640
File
0
0
8-2-1995 8:56:00

1995_08.TXT;1
ANONYMOUS
456704
File
0
0
9-26-1995 12:54:00

1995_09.TXT;1
ANONYMOUS
324608
File
0
0
10-13-1995 7:13:00

1995_10.TXT;1
ANONYMOUS
481280
File
0
0
11-13-1995 11:57:00

1995_11.TXT;1
ANONYMOUS
601088
File
0
0
12-4-1995 12:39:00

1995_12.TXT;1
ANONYMOUS
417280
File
0
0
1-9-1996 19:37:00

1996_01.TXT;1
ANONYMOUS
592384
File
0
0
2-5-1996 11:28:00

1996_02.TXT;1
ANONYMOUS
417280
File
0
0
3-4-1996 12:54:00

1996_03.TXT;1
ANONYMOUS
368128
File
0
0
3-4-1996 10:39:00

1996_04.TXT;1
ANONYMOUS
335872
File
0
0
4-4-1996 7:15:00

1996_05.TXT;1
ANONYMOUS
529920
File
0
0
5-2-1996

1996_06.TXT;1
ANONYMOUS
355328
File
0
0
6-2-1996

1996_07.TXT;1
ANONYMOUS
359936
File
0
0
7-2-1996

1996_08.TXT;1
ANONYMOUS
314368
File
0
0
8-2-1996

1996_09.TXT;1
ANONYMOUS
218624
File
0
0
9-2-1996

1996_10.TXT;1
ANONYMOUS
794112
File
0
0
10-2-1996

1996_11.TXT;1
ANONYMOUS
395776
File
0
0
11-2-1996

1996_12.TXT;1
ANONYMOUS
872960
File
0
0
12-2-1996

1997_01.TXT;1
ANONYMOUS
1319936
File
0
0
1-2-1997

1997_02.TXT;1
ANONYMOUS
647168
File
0
0
2-2-1997

1997_03.TXT;1
ANONYMOUS
738816
File
0
0
3-2-1997

1997_04.TXT;1
ANONYMOUS
453632
File
0
0
4-2-1997

1997_05.TXT;1
ANONYMOUS
763904
File
0
0
5-2-1997

1997_06.TXT;1
ANONYMOUS
595968
File
0
0
6-2-1997

1997_07.TXT;1
ANONYMOUS
254464
File
0
0
7-2-1997

1997_08.TXT;1
ANONYMOUS
556544
File
0
0
8-2-1997

1997_09.TXT;1
ANONYMOUS
361984
File
0
0
9-2-1997

1997_10.TXT;1
ANONYMOUS
592384
File
0
0
10-2-1997 0:01:00

1997_11.TXT;1
ANONYMOUS
733696
File
0
0
11-2-1997

1997_12.TXT;1
ANONYMOUS
438784
File
0
0
12-2-1997

1998_01.TXT;1
ANONYMOUS
369664
File
0
0
1-2-1998 0:01:00

1998_02.TXT;1
ANONYMOUS
306176
File
0
0
2-2-1998 0:01:00

1998_03.TXT;1
ANONYMOUS
324608
File
0
0
3-2-1998 0:01:00

1998_04.TXT;1
ANONYMOUS
523776
File
0
0
4-2-1998 0:01:00

1998_05.TXT;1
ANONYMOUS
4133888
File
0
0
5-2-1998

1998_06.TXT;1
ANONYMOUS
833024
File
0
0
6-2-1998

1998_07.TXT;1
ANONYMOUS
484864
File
0
0
7-2-1998

1998_08.TXT;1
ANONYMOUS
339968
File
0
0
8-2-1998 0:01:00

1998_09.TXT;1
ANONYMOUS
535040
File
0
0
9-2-1998

1998_10.TXT;1
ANONYMOUS
370688
File
0
0
10-2-1998

1998_11.TXT;1
ANONYMOUS
359424
File
0
0
11-2-1998 0:01:00

1998_12.TXT;1
ANONYMOUS
549888
File
0
0
12-2-1998

1999_01.TXT;1
ANONYMOUS
523776
File
0
0
1-2-1999

1999_02.TXT;1
ANONYMOUS
343040
File
0
0
2-2-1999

1999_03.TXT;1
ANONYMOUS
254976
File
0
0
3-2-1999 0:01:00

1999_04.TXT;1
ANONYMOUS
273408
File
0
0
4-2-1999

1999_05.TXT;1
ANONYMOUS
404992
File
0
0
5-2-1999

1999_06.TXT;1
ANONYMOUS
174592
File
0
0
6-2-1999 0:01:00

1999_07.TXT;1
ANONYMOUS
811008
File
0
0
7-2-1999 0:01:00

1999_08.TXT;1
ANONYMOUS
694784
File
0
0
8-2-1999 0:02:00

1999_09.TXT;1
ANONYMOUS
421376
File
0
0
9-2-1999 0:01:00

1999_10.TXT;1
ANONYMOUS
295424
File
0
0
10-2-1999 0:01:00

1999_11.TXT;1
ANONYMOUS
401920
File
0
0
11-2-1999 0:01:00

1999_12.TXT;1
ANONYMOUS
399872
File
0
0
12-2-1999 0:01:00

2000_01.TXT;1
ANONYMOUS
353280
File
0
0
1-2-2000

2000_02.TXT;1
ANONYMOUS
1052672
File
0
0
2-2-2000 0:01:00

2000_03.TXT;1
ANONYMOUS
382976
File
0
0
3-2-2000 0:01:00

2000_04.TXT;1
ANONYMOUS
168960
File
0
0
4-2-2000

2000_05.TXT;1
ANONYMOUS
198656
File
0
0
5-2-2000 0:01:00

2000_06.TXT;1
ANONYMOUS
245760
File
0
0
6-2-2000

2000_07.TXT;1
ANONYMOUS
166400
File
0
0
7-2-2000

2000_08.TXT;1
ANONYMOUS
349696
File
0
0
8-2-2000

2000_09.TXT;1
ANONYMOUS
151040
File
0
0
9-2-2000

2000_10.TXT;1
ANONYMOUS
292864
File
0
0
10-2-2000 0:01:00

2000_11.TXT;1
ANONYMOUS
148992
File
0
0
11-2-2000 0:01:00

2000_12.TXT;1
ANONYMOUS
143360
File
0
0
12-2-2000 0:01:00

2001_01.TXT;1
ANONYMOUS
211968
File
0
0
1-2-2001

2001_02.TXT;1
ANONYMOUS
330240
File
0
0
2-2-2001 0:01:00

2001_03.TXT;1
ANONYMOUS
104448
File
0
0
3-2-2001 0:01:00

2001_04.TXT;1
ANONYMOUS
356864
File
0
0
4-2-2001 0:01:00

2001_05.TXT;1
ANONYMOUS
117248
File
0
0
5-2-2001 0:01:00

2001_06.TXT;1
ANONYMOUS
130048
File
0
0
6-2-2001

2001_07.TXT;1
ANONYMOUS
87040
File
0
0
7-2-2001

2001_08.TXT;1
ANONYMOUS
243712
File
0
0
8-2-2001 0:01:00

2001_09.TXT;1
ANONYMOUS
81920
File
0
0
9-2-2001 0:02:00

2001_10.TXT;1
ANONYMOUS
150016
File
0
0
10-2-2001 0:01:00

2001_11.TXT;1
ANONYMOUS
127488
File
0
0
11-2-2001 0:01:00

2001_12.TXT;1
ANONYMOUS
114176
File
0
0
12-2-2001 0:01:00

2002_01.TXT;1
ANONYMOUS
433664
File
0
0
1-2-2002

2002_02.TXT;1
ANONYMOUS
185344
File
0
0
2-2-2002 0:01:00

2002_03.TXT;1
ANONYMOUS
266240
File
0
0
3-2-2002 0:01:00

2002_04.TXT;1
ANONYMOUS
97792
File
0
0
4-2-2002 0:01:00

2002_05.TXT;1
ANONYMOUS
148480
File
0
0
5-2-2002 0:01:00

2002_06.TXT;1
ANONYMOUS
53760
File
0
0
6-2-2002 0:01:00

2002_07.TXT;1
ANONYMOUS
97792
File
0
0
7-2-2002 0:01:00

2002_08.TXT;1
ANONYMOUS
147456
File
0
0
8-2-2002 0:01:00

COINSWELCOME.TXT;2
ANONYMOUS
13312
File
0
0
9-5-1996 6:37:00

DIGEST.TXT;2384
ANONYMOUS
2560
File
0
0
8-19-2002 0:01:00

