MegaPhone.sit

1392298
File
0
0
11-22-1995

network

2
Directory
0
0
5-10-1996

