MIME.$README
????????
0
File
0
0
1-11-1994

MIME.BASE64DC.ASM
????????
0
File
0
0
1-20-1994

MSDOS.$README
????????
0
File
0
0
1-10-1994

MSDOS.ALIAS.CMD
????????
0
File
0
0
12-30-1899

MSDOS.ALIAS.COM
????????
0
File
0
0
12-30-1899

