MERROR.GDG
????????
0
File
0
0
12-30-1899

MERROR.GDG.G0001V00
????????
0
File
0
0
7-14-2000

