$README
????????
0
File
0
0
12-15-1994 18:55:00

