login
supervisor
512
Directory
0
0
1-16-2002 18:53:00

cx.exe
rhesus
214059
File
0
0
10-20-2001 15:27:00

