!info!
raj
857
File
0
0
2-23-2000

incoming
raj
512
Directory
0
0
11-30-2001

novell
raj
512
Directory
0
0
3-29-2000

windows
raj
512
Directory
0
0
5-16-2000

dos
raj
512
Directory
0
0
3-29-2000

grudziu
wojteksu
512
Directory
0
0
3-6-2002 11:20:00

