zfd3pt3a.exe
Sbrown
19437573
File
0
0
8-7-2001

readme.pdf
Sbrown
23587
File
0
0
8-4-2000

ORKTools.exe
Sbrown
9143832
File
0
0
8-6-2001

zfd3sp1.exe
Sbrown
47330667
File
0
0
6-25-2001

w9x33e.exe
Sbrown
13680961
File
0
0
8-2-2001

c1.exe
Sbrown
35190272
File
0
0
6-21-2001

wnt48e.exe
Sbrown
14246243
File
0
0
3-23-2001

ITS State of NC.doc
Sbrown
48640
File
0
0
8-8-2001

