.
5743
96
Directory
0
0
5-10-2002 10:35:00

..
5743
96
Directory
0
0
5-10-2002 10:35:00

N6Setup.exe
5743
227552
File
0
0
5-9-2002 19:13:00

cck
5743
96
Directory
0
0
5-10-2002 10:35:00

sea
5743
96
Directory
0
0
5-10-2002 10:35:00

xpi
5743
1024
Directory
0
0
5-10-2002 10:35:00

