BCK2SKOL.ANSWERS
MOVE90
11929
File
79
151
3-9-1998 17:58:39

BCK2SKOL.BUSINESS
MOVE90
35234
File
79
446
3-9-1998 17:57:42

BCK2SKOL.EDUCATIO
MOVE90
28677
File
79
363
6-17-1999 13:41:35

BCK2SKOL.HEALTH
MOVE90
41280
File
80
516
3-9-1998 17:57:52

BCK2SKOL.LESSON1
MOVE90
15563
File
79
197
3-10-1998 12:33:47

BCK2SKOL.LESSON10
MOVE90
46057
File
79
583
3-9-1998 17:51:58

BCK2SKOL.LESSON11
MOVE90
17854
File
79
226
3-9-1998 17:52:22

BCK2SKOL.LESSON12
MOVE90
19671
File
79
249
3-9-1998 17:52:36

BCK2SKOL.LESSON13
MOVE90
18486
File
79
234
3-9-1998 17:52:55

BCK2SKOL.LESSON14
MOVE90
16640
File
80
208
3-9-1998 17:53:15

BCK2SKOL.LESSON15
MOVE90
34444
File
79
436
3-9-1998 17:53:27

BCK2SKOL.LESSON16
MOVE90
19197
File
79
243
3-9-1998 17:53:39

BCK2SKOL.LESSON17
MOVE90
16274
File
79
206
3-9-1998 17:53:59

BCK2SKOL.LESSON18
MOVE90
24411
File
79
309
3-9-1998 17:55:17

BCK2SKOL.LESSON19
MOVE90
23840
File
80
298
3-9-1998 17:55:26

BCK2SKOL.LESSON2
MOVE90
19987
File
79
253
3-16-1998 11:50:24

BCK2SKOL.LESSON20
MOVE90
51840
File
80
648
3-9-1998 17:55:36

BCK2SKOL.LESSON21
MOVE90
25440
File
80
318
3-9-1998 17:55:51

BCK2SKOL.LESSON22
MOVE90
19039
File
79
241
3-9-1998 17:56:03

BCK2SKOL.LESSON23
MOVE90
22436
File
79
284
3-9-1998 17:56:15

BCK2SKOL.LESSON24
MOVE90
22831
File
79
289
3-9-1998 17:56:24

BCK2SKOL.LESSON25
MOVE90
33338
File
79
422
3-9-1998 17:56:36

BCK2SKOL.LESSON26
MOVE90
24080
File
80
301
3-9-1998 17:56:45

BCK2SKOL.LESSON27
MOVE90
28677
File
79
363
3-9-1998 17:56:55

BCK2SKOL.LESSON28
MOVE90
27571
File
79
349
3-9-1998 17:57:05

BCK2SKOL.LESSON29
MOVE90
16037
File
79
203
3-9-1998 17:57:15

BCK2SKOL.LESSON3
MOVE90
13840
File
80
173
3-9-1998 17:40:20

BCK2SKOL.LESSON30
MOVE90
44951
File
79
569
3-9-1998 17:57:26

BCK2SKOL.LESSON4
MOVE90
18565
File
79
235
3-10-1998 12:34:32

BCK2SKOL.LESSON5
MOVE90
17222
File
79
218
3-10-1998 12:15:40

BCK2SKOL.LESSON6
MOVE90
19513
File
79
247
3-9-1998 17:50:45

BCK2SKOL.LESSON7
MOVE90
21409
File
79
271
3-9-1998 17:51:00

BCK2SKOL.LESSON8
MOVE90
18012
File
79
228
3-9-1998 17:51:14

BCK2SKOL.LESSON9
MOVE90
21488
File
79
272
4-15-1998 14:59:09

BCK2SKOL.README
MOVE90
9348
File
76
123
2-10-1998 13:16:34

LASTING.GLOBALV
MOVE90
46
File
46
1
9-8-1995 19:47:59

PROFILE.EXEC
MOVE90
481
File
37
13
7-21-1993 13:53:20

PROFILE.XEDIT
MOVE90
96
File
16
6
5-21-1996 16:44:47

