README.ANONYMOU
TCP291
1846
File
71
26
4-2-1997 12:33:20

README.ANONYOLD
TCP291
1065
File
71
15
8-25-1995 16:04:27

