OMA00215.PLAN
????????
1792
File
64
28
6-26-2002 9:33:21

WEBSHARE
????????
0
Directory
0
0
5-30-1997 18:44:17

