DECWINDOWS
1
512
Directory
0
0
5-26-1994 4:11:00

MOSAIC
1
1024
Directory
0
0
10-26-1995 5:34:00

OPENVMS
1
512
Directory
0
0
5-27-1994 6:12:00

PC
1
1536
Directory
0
0
8-8-1995 16:27:00

UNZIP
1
512
Directory
0
0
5-27-1994 3:10:00

