 CLEANUP.SH;6
ANONYMOUS
91648
File
0
0
7-18-2001 11:17:00

COINS
ANONYMOUS
4608
Directory
0
0
12-21-1994 7:38:00

HELP .TXT;6
ANONYMOUS
2560
File
0
0
1-30-1998 12:58:00

INDEX.TXT;1
ANONYMOUS
0
File
0
0
6-23-1994 7:53:00

