MICSFILE.CLIST
????????
0
Directory
0
0
2-20-1997

MICSFILE.MSGS
????????
0
Directory
0
0
2-20-1997

