.MESSAGE;2
BARK
512
File
0
0
1-28-1997 9:06:00

ANTIVIRUS
ANOMALY
512
Directory
0
0
3-10-2002 2:15:00

GRAPHICS
ANOMALY
512
Directory
0
0
3-10-2002 2:15:00

MISC
ANOMALY
512
Directory
0
0
3-10-2002 2:15:00

SOUND
ANOMALY
512
Directory
0
0
3-10-2002 2:15:00

