MICSFILE.CLIST
????????
0
Directory
0
0
12-29-1995

NFS.DOC
????????
0
File
0
0
12-18-1995

OAQPS.INTERIM.CNTYIM.V1.DATA.D052093
????????
0
File
0
0
12-30-1899

OAQPS.INTERIM.PLNTNAME.DATA
????????
0
File
0
0
12-13-1995

