D5EntUpdate.exe
ftpuser
29280139
File
0
0
3-23-2000

D5ProUpdate.exe
ftpuser
26357995
File
0
0
3-23-2000

D5StdUpdate.exe
ftpuser
19566614
File
0
0
3-23-2000

french
ftpuser
512
Directory
0
0
4-3-2000

german
ftpuser
512
Directory
0
0
3-23-2000

