message.ftp
noone
322
File
0
0
8-19-1996

