$$POST$$.$ERROR$
POS191
200
File
40
5
9-25-2001 14:03:26

ALIAS.POLICY
POS191
2080
File
80
26
1-30-1998 10:25:38

ALIAS.REPLY
POS191
2340
File
65
36
10-1-1997 8:36:01

ASKFORID.REPLY
POS191
1152
File
72
16
8-22-1997 22:04:29

BEFORE.THIS
POS191
76
File
38
2
4-24-2001 10:49:27

BITEARNP.RESULT
POS191
2025
File
75
27
8-20-2002 4:00:03

CODE.INSTALL
POS191
4488
File
132
34
2-25-1999 14:31:29

COMPLAIN.REPLY
POS191
1495
File
65
23
8-25-1997 11:23:15

DASHES.MAIL
POS191
80
File
80
1
8-3-1998 11:40:01

DELIVER.REPLY
POS191
360
File
72
5
9-17-1997 8:24:41

FORNOTE.REPLY
POS191
938
File
67
14
8-25-1997 11:37:48

FORREPLY.REPLY
POS191
544
File
68
8
8-25-1997 11:38:02

GENERAL.REPLY
POS191
9956
File
76
131
9-24-1997 8:49:34

HARASS.REPLY
POS191
1885
File
65
29
8-25-1997 16:39:39

INDEX.REPLY
POS191
2240
File
80
28
5-29-1998 11:15:20

INVALID.REPLY
POS191
952
File
68
14
8-25-1997 11:40:43

JUNK.REPLY
POS191
1495
File
65
23
8-25-1997 11:21:51

MAILH0LD.EXEC
POS191
13330
File
86
155
7-14-1997 13:24:52

MAILSUMM.EXEC
POS191
1008
File
63
16
6-10-1998 8:33:36

MAILSUMX.EXEC
POS191
3195
File
71
45
5-13-1999 9:01:31

MAILTURN.EXEC
POS191
15555
File
85
183
11-9-1993 8:18:06

MORESPAM.REPLY
POS191
871
File
67
13
8-25-1997 11:40:59

NASTY.REPLY
POS191
1430
File
65
22
8-25-1997 11:20:49

RETMAIL.EXEC
POS191
13703
File
71
193
1-11-1995 8:46:18

SITE.REPLY
POS191
896
File
64
14
8-25-1997 11:41:24

SMTPCNTR.EXEC
POS191
13528
File
76
178
11-1-2001 9:53:40

SMTPFIND.EXEC
POS191
2870
File
70
41
3-16-2000 10:21:57

SMTPSHOW.EXEC
POS191
13193
File
79
167
8-16-1999 16:36:19

SPAM.REPLY
POS191
910
File
65
14
8-25-1997 11:41:30

SPAMUSC.REPLY
POS191
1254
File
66
19
5-29-1998 11:13:04

USERPREF.NEWDATA
POS191
333625
File
157
2125
8-21-2002 4:00:08

USERPREF.ZAPDATA
POS191
116206
File
97
1198
8-21-2002 4:00:08

VULGAR.REPLY
POS191
1365
File
65
21
8-25-1997 11:19:38

