ATLAS

512
Directory
0
0
10-22-1993 13:05:00

COMPRESS

1024
Directory
0
0
4-15-1994 12:05:00

FASMAN

1024
Directory
0
0
5-1-1995 13:45:00

GDB

512
Directory
0
0
6-28-1996 13:47:00

GENBANK

1024
Directory
0
0
5-28-1997 16:16:00

IMAGES

512
Directory
0
0
4-10-1997 16:12:00

MGD

512
Directory
0
0
8-27-1996 11:31:00

NBRF

512
Directory
0
0
6-27-1996 11:14:00

PIR

2048
Directory
0
0
6-27-1996 11:13:00

PROG.EXE;1

8192
File
0
0
8-5-1997 16:52:00

SGD

512
Directory
0
0
11-25-1997 12:19:00

TIGR

512
Directory
0
0
8-1-1997 14:03:00

