AXP

512
Directory
0
0
10-17-1997 20:15:00

HOME_PAGE_LISTING

512
Directory
0
0
10-17-1997 20:16:00

KERBEROS_5

512
Directory
0
0
10-17-1997 20:16:00

MASLIB

512
Directory
0
0
11-18-1997 14:40:00

MULTINET

512
Directory
0
0
10-17-1997 20:16:00

PUB

512
Directory
0
0
8-14-1999 12:23:00

USER_WRITTEN_SYSTEM_SERVICE

512
Directory
0
0
10-17-1997 20:14:00

